11:27:59 200
11:27:59 200
11:27:59 200
11:27:59 200
11:28:00 200
11:28:00 200
11:28:00 200
11:28:00 200
11:28:01 200
11:28:01 200
11:28:01 200
11:28:01 200
11:28:01 200
11:28:02 200
11:28:02 200
11:28:02 200
11:28:02 200
11:28:03 200
11:28:03 200
11:28:03 200
11:28:03 200
11:28:04 200
11:28:04 200
11:28:04 200
11:28:04 200
11:28:05 200
11:28:05 200
11:28:05 200
11:28:05 200
11:28:05 200
11:28:06 200
11:28:06 200
11:28:06 200
11:28:06 200
11:28:07 200
11:28:07 200
11:28:07 200
11:28:07 200
11:28:08 200
11:28:08 200
11:28:08 200
11:28:08 200
11:28:09 200
11:28:09 200
11:28:09 200
11:28:09 200
11:28:09 200
11:28:10 200
11:28:10 200
11:28:10 200
11:28:10 200
11:28:11 200
11:28:11 200
11:28:11 200
11:28:11 200
11:28:12 200
11:28:12 200
11:28:12 200
11:28:12 200
11:28:12 200
11:28:13 200
11:28:13 200
11:28:13 200
11:28:13 200
11:28:14 200
11:28:14 200
11:28:14 200
11:28:14 200
11:28:15 200
11:28:15 200
11:28:15 200
11:28:15 200
11:28:15 200
11:28:16 200
11:28:16 200
11:28:16 200
11:28:16 200
11:28:17 200
11:28:17 200
11:28:17 200
11:28:17 200
11:28:18 200
11:28:18 200
11:28:18 200
11:28:18 200
11:28:19 200
11:28:19 200
11:28:19 200
11:28:19 200
11:28:19 200
11:28:20 200
11:28:20 200
11:28:20 200
11:28:20 200
11:28:21 200
11:28:21 200
11:28:21 200
11:28:21 200
11:28:22 200
11:28:22 200
11:28:22 200
11:28:22 200
11:28:22 200
11:28:23 200
11:28:23 200
11:28:23 200
11:28:23 200
11:28:24 200
11:28:24 200
11:28:24 200
11:28:24 200
11:28:25 200
11:28:25 200
11:28:25 200
11:28:25 200
11:28:26 200
11:28:26 200
11:28:26 200
11:28:26 200
11:28:26 200
11:28:27 200
11:28:27 200
11:28:27 200
11:28:27 200
11:28:28 200
11:28:28 200
11:28:28 200
11:28:28 200
11:28:29 200
11:28:29 200
11:28:29 200
11:28:29 200
11:28:29 200
11:28:30 200
11:28:30 200
11:28:30 200
11:28:30 200
11:28:31 200
11:28:31 200
11:28:31 200
11:28:31 200
11:28:32 200
11:28:32 200
11:28:32 200
11:28:32 200
11:28:32 200
11:28:33 200
11:28:33 200
11:28:33 200
11:28:33 200
11:28:34 200
11:28:34 200
11:28:34 200
11:28:34 200
11:28:35 200
11:28:35 200
11:28:35 200
11:28:35 200
11:28:36 200
11:28:36 200
11:28:36 200
11:28:36 200
11:28:36 200
11:28:37 200
11:28:37 200
11:28:37 200
11:28:37 200
11:28:38 200
11:28:38 200
11:28:38 200
11:28:38 200
11:28:39 200
11:28:39 200
11:28:39 200
11:28:39 200
11:28:39 200
11:28:40 200
11:28:40 200
11:28:40 200
11:28:40 200
11:28:41 200
11:28:41 200
11:28:41 200
11:28:41 200
11:28:42 200
11:28:42 200
11:28:42 200
11:28:42 200
11:28:43 200
11:28:43 200
11:28:43 200
11:28:43 200
11:28:43 200
11:28:44 200
11:28:44 200
11:28:44 200
11:28:44 200
11:28:45 200
11:28:45 200
11:28:45 200
11:28:45 200
11:28:46 200
11:28:46 200
11:28:46 200
11:28:46 200
11:28:46 200
11:28:47 200
11:28:47 200
11:28:47 200
11:28:47 200
11:28:48 200
11:28:48 200
11:28:48 200
11:28:48 200
11:28:49 200
11:28:49 200
11:28:49 200
11:28:49 200
11:28:50 200
11:28:50 200
11:28:50 200
11:28:50 200
11:28:50 200
11:28:51 200
11:28:51 200
11:28:51 200
11:28:51 200
11:28:52 200
11:28:52 200
11:28:52 200
11:28:52 200
11:28:53 200
11:28:53 200
11:28:53 200
11:28:53 200
11:28:53 200
11:28:54 200
11:28:54 200
11:28:54 200
11:28:54 200
11:28:55 200
11:28:55 200
11:28:55 200
11:28:55 200
11:28:56 200
11:28:56 200
11:28:56 200
11:28:56 200
11:28:56 200
11:28:57 200
11:28:57 200
11:28:57 200
11:28:57 200
11:28:58 200
11:28:58 200
11:28:58 200
11:28:58 200
11:28:59 200
11:28:59 200
11:28:59 200
11:28:59 200
11:28:59 200
11:29:00 200
11:29:00 200
11:29:00 200
11:29:00 200
11:29:01 200
11:29:01 200
11:29:01 200
11:29:01 200
11:29:02 200
11:29:02 200
11:29:02 200
11:29:02 200
11:29:03 200
11:29:03 200
11:29:03 200
11:29:03 200
11:29:04 200
11:29:04 200
11:29:04 200
11:29:04 200
11:29:04 200
11:29:05 200
11:29:05 200
11:29:05 200
11:29:05 200
11:29:06 200
11:29:06 200
11:29:06 200
11:29:06 200
11:29:07 200
11:29:07 200
11:29:07 200
11:29:07 200
11:29:07 200
11:29:08 200
11:29:08 200
11:29:08 200
11:29:08 200
11:29:09 200
11:29:09 200
11:29:09 200
11:29:09 200
11:29:10 200
11:29:10 200
11:29:10 200
11:29:10 200
11:29:10 200
11:29:11 200
11:29:11 200
11:29:11 200
11:29:11 200
11:29:12 200
11:29:12 200
11:29:12 200
11:29:12 200
11:29:13 200
11:29:13 200
11:29:13 200
11:29:13 200
11:29:14 200
11:29:14 200
11:29:14 200
11:29:14 200
11:29:14 200
11:29:15 200
11:29:15 200
11:29:15 200
11:29:15 200
11:29:16 200
11:29:16 200
11:29:16 200
11:29:16 200
11:29:17 200
11:29:17 200
11:29:17 200
11:29:17 200
11:29:17 200
11:29:18 200
11:29:18 200
11:29:18 200
11:29:18 200
11:29:19 200
11:29:19 200
11:29:19 200
11:29:19 200
11:29:20 200
11:29:20 200
11:29:20 200
11:29:20 200
11:29:21 200
11:29:21 200
11:29:21 200
11:29:21 200
11:29:21 200
11:29:22 200
11:29:22 200
11:29:22 200
11:29:22 200
11:29:23 200
11:29:23 200
11:29:23 200
11:29:23 200
11:29:24 200
11:29:24 200
11:29:24 200
11:29:24 200
11:29:24 200
11:29:25 200
11:29:25 200
11:29:25 200
11:29:25 200
11:29:26 200
11:29:26 200
11:29:26 200
11:29:26 200
11:29:27 200
11:29:27 200
11:29:27 200
11:29:27 200
11:29:27 200
11:29:28 200
11:29:28 200
11:29:28 200
11:29:28 200
11:29:29 200
11:29:29 200
11:29:29 200
11:29:29 200
11:29:30 200
11:29:30 200
11:29:30 200
11:29:30 200
11:29:30 200
11:29:31 200
11:29:31 200
11:29:31 200
11:29:31 200
11:29:32 200
11:29:32 200
11:29:32 200
11:29:32 200
11:29:33 200
11:29:33 200
11:29:33 200
11:29:33 200
11:29:34 200
11:29:34 200
11:29:34 200
11:29:34 200
11:29:34 200
11:29:35 200
11:29:35 200
11:29:35 200
11:29:35 200
11:29:36 200
11:29:36 200
11:29:36 200
11:29:36 200
11:29:37 200
11:29:37 200
11:29:37 200
11:29:37 200
11:29:37 200
11:29:38 200
11:29:38 200
11:29:38 200
11:29:38 200
11:29:39 200
11:29:39 200
11:29:39 200
11:29:39 200
11:29:40 200
11:29:40 200
11:29:40 200
11:29:40 200
11:29:40 200
11:29:41 200
11:29:41 200
11:29:41 200
11:29:41 200
11:29:42 200
11:29:42 200
11:29:42 200
11:29:42 200
11:29:43 200
11:29:43 200
11:29:43 200
11:29:43 200
11:29:44 200
11:29:44 200
11:29:44 200
11:29:44 200
11:29:44 200
11:29:45 200
11:29:45 200
11:29:45 200
11:29:45 200
11:29:46 200
11:29:46 200
11:29:46 200
11:29:46 200
11:29:47 200
11:29:47 200
11:29:47 200
11:29:47 200
11:29:47 200
11:29:48 200
11:29:48 200
11:29:48 200
11:29:48 200
11:29:49 200
11:29:49 200
11:29:49 200
11:29:49 200
11:29:50 200
11:29:50 200
11:29:50 200
11:29:50 200
11:29:51 200
11:29:51 200
11:29:51 200
11:29:51 200
11:29:51 200
11:29:52 200
11:29:52 200
11:29:52 200
11:29:52 200
11:29:53 200
11:29:53 200
11:29:53 200
11:29:53 200
11:29:54 200
11:29:54 200
11:29:54 200
11:29:54 200
11:29:54 200
11:29:55 200
11:29:55 200
11:29:55 200
11:29:55 200
11:29:56 200
11:29:56 200
11:29:56 200
11:29:56 200
11:29:57 200
11:29:57 200
11:29:57 200
11:29:57 200
11:29:57 200
11:29:58 200
11:29:58 200
11:29:58 200
11:29:58 200
11:29:59 200
11:29:59 200
11:29:59 200
11:29:59 200
11:30:00 200
11:30:00 200
11:30:00 200
11:30:00 200
11:30:01 200
11:30:01 200
11:30:01 200
11:30:01 200
11:30:01 200
11:30:02 200
11:30:02 200
11:30:02 200
11:30:02 200
11:30:03 200
11:30:03 200
11:30:03 200
11:30:03 200
11:30:04 200
11:30:04 200
11:30:04 200
11:30:04 200
11:30:05 200
11:30:05 200
11:30:05 200
11:30:05 200
11:30:06 200
11:30:06 200
11:30:06 200
11:30:06 200
11:30:06 200
11:30:07 200
11:30:07 200
11:30:07 200
11:30:07 200
11:30:08 200
11:30:08 200
11:30:08 200
11:30:08 200
11:30:09 200
11:30:09 200
11:30:09 200
11:30:09 200
11:30:09 200
11:30:10 200
11:30:10 200
11:30:10 200
11:30:10 200
11:30:11 200
11:30:11 200
11:30:11 200
11:30:11 200
11:30:12 200
11:30:12 200
11:30:12 200
11:30:12 200
11:30:13 200
11:30:13 200
11:30:13 200
11:30:13 200
11:30:13 200
11:30:14 200
11:30:14 200
11:30:14 200
11:30:14 200
11:30:15 200
11:30:15 200
11:30:15 200
11:30:15 200
11:30:16 200
11:30:16 200
11:30:16 200
11:30:16 200
11:30:16 200
11:30:17 200
11:30:17 200
11:30:17 200
11:30:17 200
11:30:18 200
11:30:18 200
11:30:18 200
11:30:18 200
