21:47:02 200
21:47:03 200
21:47:03 200
21:47:03 200
21:47:03 200
21:47:03 200
21:47:04 200
21:47:04 200
21:47:04 200
21:47:04 200
21:47:05 200
21:47:05 200
21:47:05 200
21:47:05 200
21:47:05 200
21:47:06 200
21:47:06 200
21:47:06 200
21:47:06 200
21:47:07 200
21:47:07 200
21:47:07 200
21:47:07 200
21:47:07 200
21:47:08 200
21:47:08 200
21:47:08 200
21:47:08 200
21:47:09 200
21:47:09 200
21:47:09 200
21:47:09 200
21:47:10 200
21:47:10 200
21:47:10 200
21:47:10 200
21:47:10 200
21:47:11 200
21:47:11 200
21:47:11 200
21:47:11 200
21:47:12 200
21:47:12 200
21:47:12 200
21:47:12 200
21:47:12 200
21:47:13 200
21:47:13 200
21:47:13 200
21:47:13 200
21:47:14 200
21:47:14 200
21:47:14 200
21:47:14 200
21:47:14 200
21:47:15 200
21:47:15 200
21:47:15 200
21:47:15 200
21:47:16 200
21:47:16 200
21:47:16 200
21:47:16 200
21:47:16 200
21:47:17 200
21:47:17 200
21:47:17 200
21:47:17 200
21:47:18 200
21:47:18 200
21:47:18 200
21:47:18 200
21:47:19 200
21:47:19 200
21:47:19 200
21:47:19 200
21:47:19 200
21:47:20 200
21:47:20 200
21:47:20 200
21:47:20 200
21:47:21 200
21:47:21 200
21:47:21 200
21:47:21 200
21:47:21 200
21:47:22 200
21:47:22 200
21:47:22 200
21:47:22 200
21:47:23 200
21:47:23 200
21:47:23 200
21:47:23 200
21:47:23 200
21:47:24 200
21:47:24 200
21:47:24 200
21:47:24 200
21:47:25 200
21:47:25 200
21:47:25 200
21:47:25 200
21:47:25 200
21:47:26 200
21:47:26 200
21:47:26 200
21:47:26 200
21:47:27 200
21:47:27 200
21:47:27 200
21:47:27 200
21:47:28 200
21:47:28 200
21:47:28 200
21:47:28 200
21:47:28 200
21:47:29 200
21:47:29 200
21:47:29 200
21:47:29 200
21:47:30 200
21:47:30 200
21:47:30 200
21:47:30 200
21:47:30 200
21:47:31 200
21:47:31 200
21:47:31 200
21:47:31 200
21:47:32 200
21:47:32 200
21:47:32 200
21:47:32 200
21:47:32 200
21:47:33 200
21:47:33 200
21:47:33 200
21:47:33 200
21:47:34 200
21:47:34 200
21:47:34 200
21:47:34 200
21:47:34 200
21:47:35 200
21:47:35 200
21:47:35 200
21:47:35 200
21:47:36 200
21:47:36 200
21:47:36 200
21:47:36 200
21:47:37 200
21:47:37 200
21:47:37 200
21:47:37 200
21:47:37 200
21:47:38 200
21:47:38 200
21:47:38 200
21:47:38 200
21:47:39 200
21:47:39 200
21:47:39 200
21:47:39 200
21:47:39 200
21:47:40 200
21:47:40 200
21:47:40 200
21:47:40 200
21:47:41 200
21:47:41 200
21:47:41 200
21:47:41 200
21:47:42 200
21:47:42 200
21:47:42 200
21:47:42 200
21:47:42 200
21:47:43 200
21:47:43 200
21:47:43 200
21:47:43 200
21:47:44 200
21:47:44 200
21:47:44 200
21:47:44 200
21:47:44 200
21:47:45 200
21:47:45 200
21:47:45 200
21:47:45 200
21:47:46 200
21:47:46 200
21:47:46 200
21:47:46 200
21:47:46 200
21:47:47 200
21:47:47 200
21:47:47 200
21:47:47 200
21:47:48 200
21:47:48 200
21:47:48 200
21:47:48 200
21:47:49 200
21:47:49 200
21:47:49 200
21:47:49 200
21:47:49 200
21:47:50 200
21:47:50 200
21:47:50 200
21:47:50 200
21:47:51 200
21:47:51 200
21:47:51 200
21:47:51 200
21:47:51 200
21:47:52 200
21:47:52 200
21:47:52 200
21:47:52 200
21:47:53 200
21:47:53 200
21:47:53 200
21:47:53 200
21:47:53 200
21:47:54 200
21:47:54 200
21:47:54 200
21:47:54 200
21:47:55 200
21:47:55 200
21:47:55 200
21:47:55 200
21:47:55 200
21:47:56 200
21:47:56 200
21:47:56 200
21:47:56 200
21:47:57 200
21:47:57 200
21:47:57 200
21:47:57 200
21:47:57 200
21:47:58 200
21:47:58 200
21:47:58 200
21:47:58 200
21:47:59 200
21:47:59 200
21:47:59 200
21:47:59 200
21:47:59 200
21:48:00 200
21:48:00 200
21:48:00 200
21:48:00 200
21:48:01 200
21:48:01 200
21:48:01 200
21:48:01 200
21:48:02 200
21:48:02 200
21:48:02 200
21:48:02 200
21:48:02 200
21:48:03 200
21:48:03 200
21:48:03 200
21:48:03 200
21:48:04 200
21:48:04 200
21:48:04 200
21:48:04 200
21:48:04 200
21:48:05 200
21:48:05 200
21:48:05 200
21:48:05 200
21:48:06 200
21:48:06 200
21:48:06 200
21:48:06 200
21:48:06 200
21:48:07 200
21:48:07 200
21:48:07 200
21:48:07 200
21:48:08 200
21:48:08 200
21:48:08 200
21:48:08 200
21:48:09 200
21:48:09 200
21:48:09 200
21:48:09 200
21:48:09 200
21:48:10 200
21:48:10 200
21:48:10 200
21:48:10 200
21:48:11 200
21:48:11 200
21:48:11 200
21:48:11 200
21:48:11 200
21:48:12 200
21:48:12 200
21:48:12 200
21:48:12 200
21:48:13 200
21:48:13 200
21:48:13 200
21:48:13 200
21:48:13 200
21:48:14 200
21:48:14 200
21:48:14 200
21:48:14 200
21:48:15 200
21:48:15 200
21:48:15 200
21:48:15 200
21:48:15 200
21:48:16 200
21:48:16 200
21:48:16 200
21:48:16 200
21:48:17 200
21:48:17 200
21:48:17 200
21:48:17 200
21:48:17 200
21:48:18 200
21:48:18 200
21:48:18 200
21:48:18 200
21:48:19 200
21:48:19 200
21:48:19 200
21:48:19 200
21:48:20 200
21:48:20 200
21:48:20 200
21:48:20 200
21:48:20 200
21:48:21 200
21:48:21 200
21:48:21 200
21:48:21 200
21:48:22 200
21:48:22 200
21:48:22 200
21:48:22 200
21:48:22 200
21:48:23 200
21:48:23 200
21:48:23 200
21:48:23 200
21:48:24 200
21:48:24 200
21:48:24 200
21:48:24 200
21:48:24 200
21:48:25 200
21:48:25 200
21:48:25 200
21:48:25 200
21:48:26 200
21:48:26 200
21:48:26 200
21:48:26 200
21:48:26 200
21:48:27 200
21:48:27 200
21:48:27 200
21:48:27 200
21:48:28 200
21:48:28 200
21:48:28 200
21:48:28 200
21:48:28 200
21:48:29 200
21:48:29 200
21:48:29 200
21:48:29 200
21:48:30 200
21:48:30 200
21:48:30 200
21:48:30 200
21:48:30 200
21:48:31 200
21:48:31 200
21:48:31 200
21:48:31 200
21:48:32 200
21:48:32 200
21:48:32 200
21:48:32 200
21:48:33 200
21:48:33 200
21:48:33 200
21:48:33 200
21:48:33 200
21:48:34 200
21:48:34 200
21:48:34 200
21:48:34 200
21:48:35 200
21:48:35 200
21:48:35 200
21:48:35 200
21:48:35 200
21:48:36 200
21:48:36 200
21:48:36 200
21:48:36 200
21:48:37 200
21:48:37 200
21:48:37 200
21:48:37 200
21:48:37 200
21:48:38 200
21:48:38 200
21:48:38 200
21:48:38 200
21:48:39 200
21:48:39 200
21:48:39 200
21:48:39 200
21:48:39 200
21:48:40 200
21:48:40 200
21:48:40 200
21:48:40 200
21:48:41 200
21:48:41 200
21:48:41 200
21:48:41 200
21:48:41 200
21:48:42 200
21:48:42 200
21:48:42 200
21:48:42 200
21:48:43 200
21:48:43 200
21:48:43 200
21:48:43 200
21:48:44 200
21:48:44 200
21:48:44 200
21:48:44 200
21:48:44 200
21:48:45 200
21:48:45 200
21:48:45 200
21:48:45 200
21:48:46 200
21:48:46 200
21:48:46 200
21:48:46 200
21:48:46 200
21:48:47 200
21:48:47 200
21:48:47 200
21:48:47 200
21:48:48 200
21:48:48 200
21:48:48 200
21:48:48 200
21:48:48 200
21:48:49 200
21:48:49 200
21:48:49 200
21:48:49 200
21:48:50 200
21:48:50 200
21:48:50 200
21:48:50 200
21:48:50 200
21:48:51 200
21:48:51 200
21:48:51 200
21:48:51 200
21:48:52 200
21:48:52 200
21:48:52 200
21:48:52 200
21:48:53 200
21:48:53 200
21:48:53 200
21:48:53 200
21:48:53 200
21:48:54 200
21:48:54 200
21:48:54 200
21:48:54 200
21:48:55 200
21:48:55 200
21:48:55 200
21:48:55 200
21:48:55 200
21:48:56 200
21:48:56 200
21:48:56 200
21:48:56 200
21:48:57 200
21:48:57 200
21:48:57 200
21:48:57 200
21:48:57 200
21:48:58 200
21:48:58 200
21:48:58 200
21:48:58 200
21:48:59 200
21:48:59 200
21:48:59 200
21:48:59 200
21:48:59 200
21:49:00 200
21:49:00 200
21:49:00 200
21:49:00 200
21:49:01 200
21:49:01 200
21:49:01 200
21:49:01 200
21:49:01 200
21:49:02 200
21:49:02 200
21:49:02 200
21:49:02 200
21:49:03 200
21:49:03 200
21:49:03 200
21:49:03 200
21:49:04 200
21:49:04 200
21:49:04 200
21:49:04 200
21:49:04 200
21:49:05 200
21:49:05 200
21:49:05 200
21:49:05 200
21:49:06 200
21:49:06 200
21:49:06 200
21:49:06 200
21:49:06 200
21:49:07 200
21:49:07 200
21:49:07 200
21:49:07 200
21:49:08 200
21:49:08 200
21:49:08 200
21:49:08 200
21:49:08 200
21:49:09 200
21:49:09 200
21:49:09 200
21:49:09 200
21:49:10 200
21:49:10 200
21:49:10 200
21:49:10 200
21:49:11 200
21:49:11 200
21:49:11 200
21:49:11 200
21:49:11 200
21:49:12 200
21:49:12 200
21:49:12 200
21:49:12 200
21:49:13 200
21:49:13 200
21:49:13 200
21:49:13 200
21:49:13 200
21:49:14 200
21:49:14 200
21:49:14 200
21:49:14 200
21:49:15 200
21:49:15 200
21:49:15 200
21:49:15 200
21:49:15 200
21:49:16 200
21:49:16 200
21:49:16 200
21:49:16 200
21:49:17 200
21:49:17 200
21:49:17 200
