21:29:53 200
21:29:54 200
21:29:54 200
21:29:54 200
21:29:54 200
21:29:54 200
21:29:55 200
21:29:55 200
21:29:55 200
21:29:55 200
21:29:56 200
21:29:56 200
21:29:56 200
21:29:56 200
21:29:56 200
21:29:57 200
21:29:57 200
21:29:57 200
21:29:57 200
21:29:58 200
21:29:58 200
21:29:58 200
21:29:58 200
21:29:58 200
21:29:59 200
21:29:59 200
21:29:59 200
21:29:59 200
21:30:00 200
21:30:00 200
21:30:00 200
21:30:00 200
21:30:00 200
21:30:01 200
21:30:01 200
21:30:01 200
21:30:01 200
21:30:02 200
21:30:02 200
21:30:02 200
21:30:02 200
21:30:03 200
21:30:03 200
21:30:03 200
21:30:03 200
21:30:04 200
21:30:04 200
21:30:04 200
21:30:04 200
21:30:04 200
21:30:05 200
21:30:05 200
21:30:05 200
21:30:05 200
21:30:06 200
21:30:06 200
21:30:06 200
21:30:06 200
21:30:06 200
21:30:07 200
21:30:07 200
21:30:07 200
21:30:07 200
21:30:08 200
21:30:08 200
21:30:08 200
21:30:08 200
21:30:08 200
21:30:09 200
21:30:09 200
21:30:09 200
21:30:09 200
21:30:10 200
21:30:10 200
21:30:10 200
21:30:10 200
21:30:10 200
21:30:11 200
21:30:11 200
21:30:11 200
21:30:11 200
21:30:12 200
21:30:12 200
21:30:12 200
21:30:12 200
21:30:12 200
21:30:13 200
21:30:13 200
21:30:13 200
21:30:13 200
21:30:13 200
21:30:14 200
21:30:14 200
21:30:14 200
21:30:14 200
21:30:15 200
21:30:15 200
21:30:15 200
21:30:15 200
21:30:15 200
21:30:16 200
21:30:16 200
21:30:16 200
21:30:16 200
21:30:17 200
21:30:17 200
21:30:17 200
21:30:17 000
21:30:23 200
21:30:23 200
21:30:23 200
21:30:23 200
21:30:23 200
21:30:24 200
21:30:24 200
21:30:24 200
21:30:24 200
21:30:25 200
21:30:25 200
21:30:25 200
21:30:25 200
21:30:25 200
21:30:26 200
21:30:26 200
21:30:26 502
21:30:26 200
21:30:26 200
21:30:27 200
21:30:27 200
21:30:27 000
21:30:32 200
21:30:33 200
21:30:33 200
21:30:33 200
21:30:33 200
21:30:33 200
21:30:34 200
21:30:34 200
21:30:34 200
21:30:34 200
21:30:35 200
21:30:35 200
21:30:35 200
21:30:35 200
21:30:35 200
21:30:36 200
21:30:36 200
21:30:36 200
21:30:36 200
21:30:37 200
21:30:37 200
21:30:37 200
21:30:37 200
21:30:37 200
21:30:38 200
21:30:38 200
21:30:38 200
21:30:38 200
21:30:39 200
21:30:39 200
21:30:39 200
21:30:39 200
21:30:39 200
21:30:40 200
21:30:40 200
21:30:40 200
21:30:40 200
21:30:41 200
21:30:41 200
21:30:41 200
21:30:41 200
21:30:41 200
21:30:42 200
21:30:42 200
21:30:42 200
21:30:42 200
21:30:43 200
21:30:43 200
21:30:43 200
21:30:43 200
21:30:43 200
21:30:44 200
21:30:44 200
21:30:44 200
21:30:44 200
21:30:45 200
21:30:45 200
21:30:45 200
21:30:45 200
21:30:45 200
21:30:46 200
21:30:46 200
21:30:46 200
21:30:46 200
21:30:47 200
21:30:47 200
21:30:47 200
21:30:47 200
21:30:47 200
21:30:48 200
21:30:48 200
21:30:48 200
21:30:48 200
21:30:49 200
21:30:49 200
21:30:49 200
21:30:49 200
21:30:49 200
21:30:50 200
21:30:50 200
21:30:50 200
21:30:50 200
21:30:51 200
21:30:51 200
21:30:51 200
21:30:51 200
21:30:51 200
21:30:52 200
21:30:52 200
21:30:52 200
21:30:52 200
21:30:53 200
21:30:53 200
21:30:53 200
21:30:53 200
21:30:53 200
21:30:54 200
21:30:54 200
21:30:54 200
21:30:54 200
21:30:55 200
21:30:55 200
21:30:55 200
21:30:55 200
21:30:55 200
21:30:56 200
21:30:56 200
21:30:56 200
21:30:56 200
21:30:57 200
21:30:57 200
21:30:57 200
21:30:57 200
21:30:57 200
21:30:58 200
21:30:58 200
21:30:58 200
21:30:58 200
21:30:59 200
21:30:59 200
21:30:59 200
21:30:59 200
21:30:59 200
21:31:00 200
21:31:00 200
21:31:00 200
21:31:00 200
21:31:01 200
21:31:01 200
21:31:01 200
21:31:01 200
21:31:01 200
21:31:02 200
21:31:02 200
21:31:02 200
21:31:02 200
21:31:03 200
21:31:03 200
21:31:03 200
21:31:03 200
21:31:03 200
21:31:04 200
21:31:04 200
21:31:04 200
21:31:04 200
21:31:05 200
21:31:05 200
21:31:05 200
21:31:05 200
21:31:05 200
21:31:06 200
21:31:06 200
21:31:06 200
21:31:06 200
21:31:07 200
21:31:07 200
21:31:07 200
21:31:07 200
21:31:07 200
21:31:08 200
21:31:08 200
21:31:08 200
21:31:08 200
21:31:09 200
21:31:09 200
21:31:09 200
21:31:09 200
21:31:09 200
21:31:10 200
21:31:10 200
21:31:10 200
21:31:10 200
21:31:11 200
21:31:11 200
21:31:11 200
21:31:11 200
21:31:11 200
21:31:12 200
21:31:12 200
21:31:12 200
21:31:12 200
21:31:13 200
21:31:13 200
21:31:13 200
21:31:13 200
21:31:13 200
21:31:14 200
21:31:14 200
21:31:14 200
21:31:14 200
21:31:15 200
21:31:15 200
21:31:15 200
21:31:15 200
21:31:15 200
21:31:16 200
21:31:16 200
21:31:16 200
21:31:16 200
21:31:17 200
21:31:17 200
21:31:17 200
21:31:17 200
21:31:17 200
21:31:18 200
21:31:18 200
21:31:18 200
21:31:18 200
21:31:19 200
21:31:19 200
21:31:19 200
21:31:19 200
21:31:19 200
21:31:20 200
21:31:20 200
21:31:20 200
21:31:20 200
21:31:21 200
21:31:21 200
21:31:21 200
21:31:21 200
21:31:21 200
21:31:22 200
21:31:22 200
21:31:22 200
21:31:22 200
21:31:23 200
21:31:23 200
21:31:23 200
21:31:23 200
21:31:23 200
21:31:24 200
21:31:24 200
21:31:24 200
21:31:24 200
21:31:25 200
21:31:25 200
21:31:25 200
21:31:25 200
21:31:25 200
21:31:26 200
21:31:26 200
21:31:26 200
21:31:26 200
21:31:26 200
21:31:27 200
21:31:27 200
21:31:27 200
21:31:27 200
21:31:28 200
21:31:28 200
21:31:28 200
21:31:28 200
21:31:28 200
21:31:29 200
21:31:29 200
21:31:29 200
21:31:29 200
21:31:30 200
21:31:30 200
21:31:30 200
21:31:30 200
21:31:30 200
21:31:31 200
21:31:31 200
21:31:31 200
21:31:31 200
21:31:32 200
21:31:32 200
21:31:32 200
21:31:32 200
21:31:32 200
21:31:33 200
21:31:33 200
21:31:33 200
21:31:33 200
21:31:34 200
21:31:34 200
21:31:34 200
21:31:34 200
21:31:34 200
21:31:35 200
21:31:35 200
21:31:35 200
21:31:35 200
21:31:36 200
21:31:36 200
21:31:36 200
21:31:36 200
21:31:36 200
21:31:37 200
21:31:37 200
21:31:37 200
21:31:37 200
21:31:38 200
21:31:38 200
21:31:38 200
21:31:38 200
21:31:38 200
21:31:39 200
21:31:39 200
21:31:39 200
21:31:39 200
21:31:40 200
21:31:40 200
21:31:40 200
21:31:40 200
21:31:40 200
21:31:41 200
21:31:41 200
21:31:41 200
21:31:41 200
21:31:42 200
21:31:42 200
21:31:42 200
21:31:42 200
21:31:42 200
21:31:43 200
21:31:43 200
21:31:43 200
21:31:43 200
21:31:44 200
21:31:44 200
21:31:44 200
21:31:44 200
21:31:44 200
21:31:45 200
21:31:45 200
21:31:45 200
21:31:45 200
21:31:46 200
21:31:46 200
21:31:46 200
21:31:46 200
21:31:46 200
21:31:47 200
21:31:47 200
21:31:47 200
21:31:47 200
21:31:48 200
21:31:48 200
21:31:48 200
21:31:48 200
21:31:48 200
21:31:49 200
21:31:49 200
21:31:49 200
21:31:49 200
21:31:50 200
21:31:50 200
21:31:50 200
21:31:50 200
21:31:50 200
21:31:51 200
21:31:51 200
21:31:51 200
21:31:51 200
21:31:52 200
21:31:52 200
21:31:52 200
21:31:52 200
21:31:52 200
21:31:53 200
21:31:53 200
21:31:53 200
21:31:53 200
21:31:54 200
21:31:54 200
21:31:54 200
21:31:54 200
21:31:55 200
21:31:55 200
21:31:55 200
21:31:55 200
21:31:55 200
21:31:56 200
21:31:56 200
21:31:56 200
21:31:56 200
21:31:56 200
21:31:57 200
21:31:57 200
21:31:57 200
21:31:57 200
21:31:58 200
21:31:58 200
21:31:58 200
21:31:58 200
21:31:58 200
21:31:59 200
21:31:59 200
21:31:59 200
21:31:59 200
21:32:00 200
21:32:00 200
21:32:00 200
21:32:00 200
21:32:01 200
21:32:01 200
21:32:01 200
21:32:01 200
21:32:01 200
21:32:02 200
21:32:02 200
21:32:02 200
21:32:02 200
21:32:03 200
21:32:03 200
21:32:03 200
21:32:03 200
21:32:03 200
21:32:04 200
21:32:04 200
21:32:04 200
21:32:04 200
21:32:05 200
21:32:05 200
21:32:05 200
21:32:05 200
21:32:05 200
21:32:06 200
21:32:06 200
21:32:06 200
21:32:06 200
21:32:07 200
21:32:07 200
21:32:07 200
21:32:07 200
21:32:07 200
21:32:08 200
21:32:08 200
21:32:08 200
21:32:08 200
21:32:09 200
21:32:09 200
21:32:09 200
21:32:09 200
21:32:09 200
21:32:10 200
21:32:10 200
21:32:10 200
21:32:10 200
21:32:11 200
21:32:11 200
21:32:11 200
21:32:11 200
21:32:11 200
21:32:12 200
21:32:12 200
21:32:12 200
21:32:12 200
21:32:13 200
21:32:13 200
21:32:13 200
21:32:13 200
21:32:13 200
21:32:14 200
21:32:14 200
21:32:14 200
21:32:14 200
21:32:15 200
21:32:15 200
21:32:15 200
21:32:15 200
21:32:15 200
21:32:16 200
21:32:16 200
21:32:16 200
21:32:16 200
21:32:17 200
