21:35:09 200
21:35:09 200
21:35:09 200
21:35:09 200
21:35:09 200
21:35:10 200
21:35:10 200
21:35:10 200
21:35:10 200
21:35:11 200
21:35:11 200
21:35:11 200
21:35:11 200
21:35:11 200
21:35:12 200
21:35:12 200
21:35:12 200
21:35:12 200
21:35:13 200
21:35:13 200
21:35:13 200
21:35:13 200
21:35:13 200
21:35:14 200
21:35:14 200
21:35:14 200
21:35:14 200
21:35:15 200
21:35:15 200
21:35:15 200
21:35:15 200
21:35:15 200
21:35:16 200
21:35:16 200
21:35:16 200
21:35:16 200
21:35:17 200
21:35:17 200
21:35:17 200
21:35:17 200
21:35:17 200
21:35:18 200
21:35:18 200
21:35:18 200
21:35:18 200
21:35:19 200
21:35:19 200
21:35:19 200
21:35:19 200
21:35:19 200
21:35:20 200
21:35:20 200
21:35:20 200
21:35:20 200
21:35:21 200
21:35:21 200
21:35:21 200
21:35:21 200
21:35:21 200
21:35:22 200
21:35:22 200
21:35:22 200
21:35:22 200
21:35:22 200
21:35:23 200
21:35:23 200
21:35:23 200
21:35:23 200
21:35:24 200
21:35:24 200
21:35:24 200
21:35:24 200
21:35:24 200
21:35:25 200
21:35:25 200
21:35:25 200
21:35:25 200
21:35:26 200
21:35:26 200
21:35:26 200
21:35:26 200
21:35:26 200
21:35:27 200
21:35:27 200
21:35:27 200
21:35:27 200
21:35:28 200
21:35:28 200
21:35:28 200
21:35:28 200
21:35:28 200
21:35:29 200
21:35:29 200
21:35:29 200
21:35:29 200
21:35:30 200
21:35:30 200
21:35:30 200
21:35:30 200
21:35:30 200
21:35:31 200
21:35:31 200
21:35:31 200
21:35:31 200
21:35:32 200
21:35:32 200
21:35:32 200
21:35:32 200
21:35:32 200
21:35:33 200
21:35:33 200
21:35:33 200
21:35:33 200
21:35:34 200
21:35:34 200
21:35:34 200
21:35:34 200
21:35:34 200
21:35:35 200
21:35:35 200
21:35:35 200
21:35:35 200
21:35:36 200
21:35:36 200
21:35:36 200
21:35:36 200
21:35:36 200
21:35:37 200
21:35:37 200
21:35:37 200
21:35:37 200
21:35:38 200
21:35:38 200
21:35:38 200
21:35:38 200
21:35:38 200
21:35:39 200
21:35:39 200
21:35:39 200
21:35:39 200
21:35:40 200
21:35:40 200
21:35:40 200
21:35:40 200
21:35:40 200
21:35:41 200
21:35:41 200
21:35:41 200
21:35:41 200
21:35:42 200
21:35:42 200
21:35:42 200
21:35:42 200
21:35:42 200
21:35:43 200
21:35:43 200
21:35:43 200
21:35:43 200
21:35:44 200
21:35:44 200
21:35:44 200
21:35:44 200
21:35:44 200
21:35:45 200
21:35:45 200
21:35:45 200
21:35:45 200
21:35:46 200
21:35:46 200
21:35:46 200
21:35:46 200
21:35:46 200
21:35:47 200
21:35:47 200
21:35:47 200
21:35:47 200
21:35:48 200
21:35:48 200
21:35:48 200
21:35:48 200
21:35:48 200
21:35:49 200
21:35:49 200
21:35:49 200
21:35:49 200
21:35:49 200
21:35:50 200
21:35:50 200
21:35:50 200
21:35:50 200
21:35:51 200
21:35:51 200
21:35:51 200
21:35:51 200
21:35:51 200
21:35:52 200
21:35:52 200
21:35:52 200
21:35:52 200
21:35:53 200
21:35:53 200
21:35:53 200
21:35:53 200
21:35:53 200
21:35:54 200
21:35:54 200
21:35:54 200
21:35:54 200
21:35:55 200
21:35:55 200
21:35:55 200
21:35:55 200
21:35:55 200
21:35:56 200
21:35:56 200
21:35:56 200
21:35:56 200
21:35:57 200
21:35:57 200
21:35:57 200
21:35:57 200
21:35:57 200
21:35:58 200
21:35:58 200
21:35:58 200
21:35:58 200
21:35:59 200
21:35:59 200
21:35:59 200
21:35:59 200
21:35:59 200
21:36:00 200
21:36:00 200
21:36:00 200
21:36:00 200
21:36:01 200
21:36:01 200
21:36:01 200
21:36:01 200
21:36:02 200
21:36:02 200
21:36:02 200
21:36:02 200
21:36:02 200
21:36:03 200
21:36:03 200
21:36:03 200
21:36:03 200
21:36:04 200
21:36:04 200
21:36:04 200
21:36:04 200
21:36:04 200
21:36:05 200
21:36:05 200
21:36:05 200
21:36:05 200
21:36:06 200
21:36:06 200
21:36:06 200
21:36:06 200
21:36:06 200
21:36:07 200
21:36:07 200
21:36:07 200
21:36:07 200
21:36:08 200
21:36:08 200
21:36:08 200
21:36:08 200
21:36:08 200
21:36:09 200
21:36:09 200
21:36:09 200
21:36:09 200
21:36:10 200
21:36:10 200
21:36:10 200
21:36:10 200
21:36:10 200
21:36:11 200
21:36:11 200
21:36:11 200
21:36:11 200
21:36:12 200
21:36:12 200
21:36:12 200
21:36:12 200
21:36:12 200
21:36:13 200
21:36:13 200
21:36:13 200
21:36:13 200
21:36:14 200
21:36:14 200
21:36:14 200
21:36:14 200
21:36:14 200
21:36:15 200
21:36:15 200
21:36:15 200
21:36:15 200
21:36:16 200
21:36:16 200
21:36:16 200
21:36:16 200
21:36:16 200
21:36:17 200
21:36:17 200
21:36:17 200
21:36:17 200
21:36:18 200
21:36:18 200
21:36:18 200
21:36:18 200
21:36:18 200
21:36:19 200
21:36:19 200
21:36:19 200
21:36:19 200
21:36:20 200
21:36:20 200
21:36:20 200
21:36:20 200
21:36:20 200
21:36:21 200
21:36:21 200
21:36:21 200
21:36:21 200
21:36:22 200
21:36:22 200
21:36:22 200
21:36:22 200
21:36:22 200
21:36:23 200
21:36:23 200
21:36:23 200
21:36:23 200
21:36:24 200
21:36:24 200
21:36:24 200
21:36:24 200
21:36:24 200
21:36:25 200
21:36:25 200
21:36:25 200
21:36:25 200
21:36:26 200
21:36:26 200
21:36:26 200
21:36:26 200
21:36:26 200
21:36:27 200
21:36:27 200
21:36:27 200
21:36:27 200
21:36:28 200
21:36:28 200
21:36:28 200
21:36:28 200
21:36:28 200
21:36:29 200
21:36:29 200
21:36:29 200
21:36:29 200
21:36:29 200
21:36:30 200
21:36:30 200
21:36:30 200
21:36:30 200
21:36:31 200
21:36:31 200
21:36:31 200
21:36:31 200
21:36:31 200
21:36:32 200
21:36:32 200
21:36:32 200
21:36:32 200
21:36:33 200
21:36:33 200
21:36:33 200
21:36:33 200
21:36:33 200
21:36:34 200
21:36:34 200
21:36:34 200
21:36:34 200
21:36:35 200
21:36:35 200
21:36:35 200
21:36:35 200
21:36:35 200
21:36:36 200
21:36:36 200
21:36:36 200
21:36:36 200
21:36:37 200
21:36:37 200
21:36:37 200
21:36:37 200
21:36:37 200
21:36:38 200
21:36:38 200
21:36:38 200
21:36:38 200
21:36:39 200
21:36:39 200
21:36:39 200
21:36:39 200
21:36:39 200
21:36:40 200
21:36:40 200
21:36:40 200
21:36:40 200
21:36:41 200
21:36:41 200
21:36:41 200
21:36:41 200
21:36:41 200
21:36:42 200
21:36:42 200
21:36:42 200
21:36:42 200
21:36:43 200
21:36:43 200
21:36:43 200
21:36:43 200
21:36:43 200
21:36:44 200
21:36:44 200
21:36:44 200
21:36:44 200
21:36:45 200
21:36:45 200
21:36:45 200
21:36:45 200
21:36:45 200
21:36:46 200
21:36:46 200
21:36:46 200
21:36:46 200
21:36:47 200
21:36:47 200
21:36:47 200
21:36:47 200
21:36:47 200
21:36:48 200
21:36:48 200
21:36:48 200
21:36:48 200
21:36:49 200
21:36:49 200
21:36:49 200
21:36:49 200
21:36:49 200
21:36:50 200
21:36:50 200
21:36:50 200
21:36:50 200
21:36:51 200
21:36:51 200
21:36:51 200
21:36:51 200
21:36:51 200
21:36:52 200
21:36:52 200
21:36:52 200
21:36:52 200
21:36:53 200
21:36:53 200
21:36:53 200
21:36:53 200
21:36:53 200
21:36:54 200
21:36:54 200
21:36:54 200
21:36:54 200
21:36:55 200
21:36:55 200
21:36:55 200
21:36:55 200
21:36:55 200
21:36:56 200
21:36:56 200
21:36:56 200
21:36:56 200
21:36:57 200
21:36:57 200
21:36:57 200
21:36:57 200
21:36:57 200
21:36:58 200
21:36:58 200
21:36:58 200
21:36:58 200
21:36:59 200
21:36:59 200
21:36:59 200
21:36:59 200
21:36:59 200
21:37:00 200
21:37:00 200
21:37:00 200
21:37:00 200
21:37:01 200
21:37:01 200
21:37:01 200
21:37:01 200
21:37:01 200
21:37:02 200
21:37:02 200
21:37:02 200
21:37:02 200
21:37:03 200
21:37:03 200
21:37:03 200
21:37:03 200
21:37:04 200
21:37:04 200
21:37:04 200
21:37:04 200
21:37:04 200
21:37:05 200
21:37:05 200
21:37:05 200
21:37:05 200
21:37:06 200
21:37:06 200
21:37:06 200
21:37:06 200
21:37:06 200
21:37:07 200
21:37:07 200
21:37:07 200
21:37:07 200
21:37:08 200
21:37:08 200
21:37:08 200
21:37:08 200
21:37:08 200
21:37:09 200
21:37:09 200
21:37:09 200
21:37:09 200
21:37:10 200
21:37:10 200
21:37:10 200
21:37:10 200
21:37:10 200
21:37:11 200
21:37:11 200
21:37:11 200
21:37:11 200
21:37:12 200
21:37:12 200
21:37:12 200
21:37:12 200
21:37:12 200
21:37:13 200
21:37:13 200
21:37:13 200
21:37:13 200
21:37:14 200
21:37:14 200
21:37:14 200
21:37:14 200
21:37:14 200
21:37:15 200
21:37:15 200
21:37:15 200
21:37:15 200
21:37:16 200
21:37:16 200
21:37:16 200
21:37:16 200
21:37:16 200
21:37:17 200
21:37:17 200
21:37:17 200
21:37:17 200
21:37:18 200
21:37:18 200
21:37:18 200
21:37:18 200
21:37:18 200
21:37:19 200
21:37:19 200
21:37:19 200
21:37:19 200
21:37:20 200
21:37:20 200
21:37:20 200
21:37:20 200
21:37:20 200
21:37:21 200
21:37:21 200
21:37:21 200
21:37:21 200
21:37:22 200
